,Unassigned;__;__;__;__;__,k__Archaea;p__Euryarchaeota;c__Methanobacteria;o__Methanobacteriales;f__Methanobacteriaceae;g__Methanobrevibacter,k__Archaea;p__Euryarchaeota;c__Methanobacteria;o__Methanobacteriales;f__Methanobacteriaceae;g__Methanosphaera,k__Archaea;p__Euryarchaeota;c__Thermoplasmata;o__E2;f__[Methanomassiliicoccaceae];g__Methanomassiliicoccus,k__Archaea;p__Euryarchaeota;c__Thermoplasmata;o__E2;f__[Methanomassiliicoccaceae];g__vadinCA11,k__Bacteria;__;__;__;__;__,k__Bacteria;p__;c__;o__;f__;g__,k__Bacteria;p__Actinobacteria;c__Actinobacteria;o__Actinomycetales;f__Actinomycetaceae;g__Actinomyces,k__Bacteria;p__Actinobacteria;c__Actinobacteria;o__Actinomycetales;f__Actinomycetaceae;g__Arcanobacterium,k__Bacteria;p__Actinobacteria;c__Actinobacteria;o__Actinomycetales;f__Actinomycetaceae;g__Mobiluncus,k__Bacteria;p__Actinobacteria;c__Actinobacteria;o__Actinomycetales;f__Corynebacteriaceae;g__Corynebacterium,k__Bacteria;p__Actinobacteria;c__Actinobacteria;o__Actinomycetales;f__Micrococcaceae;g__Rothia,k__Bacteria;p__Actinobacteria;c__Actinobacteria;o__Actinomycetales;f__Propionibacteriaceae;g__,k__Bacteria;p__Actinobacteria;c__Actinobacteria;o__Actinomycetales;f__Propionibacteriaceae;g__Propionibacterium,k__Bacteria;p__Actinobacteria;c__Actinobacteria;o__Bifidobacteriales;f__Bifidobacteriaceae;g__Bifidobacterium,k__Bacteria;p__Actinobacteria;c__Actinobacteria;o__Bifidobacteriales;f__Bifidobacteriaceae;g__Gardnerella,k__Bacteria;p__Actinobacteria;c__Actinobacteria;o__Bifidobacteriales;f__Bifidobacteriaceae;g__Scardovia,k__Bacteria;p__Actinobacteria;c__Coriobacteriia;o__Coriobacteriales;f__Coriobacteriaceae;__,k__Bacteria;p__Actinobacteria;c__Coriobacteriia;o__Coriobacteriales;f__Coriobacteriaceae;g__,k__Bacteria;p__Actinobacteria;c__Coriobacteriia;o__Coriobacteriales;f__Coriobacteriaceae;g__Adlercreutzia,k__Bacteria;p__Actinobacteria;c__Coriobacteriia;o__Coriobacteriales;f__Coriobacteriaceae;g__Atopobium,k__Bacteria;p__Actinobacteria;c__Coriobacteriia;o__Coriobacteriales;f__Coriobacteriaceae;g__Collinsella,k__Bacteria;p__Actinobacteria;c__Coriobacteriia;o__Coriobacteriales;f__Coriobacteriaceae;g__Eggerthella,k__Bacteria;p__Actinobacteria;c__Coriobacteriia;o__Coriobacteriales;f__Coriobacteriaceae;g__Enterococcus,k__Bacteria;p__Actinobacteria;c__Coriobacteriia;o__Coriobacteriales;f__Coriobacteriaceae;g__Slackia,k__Bacteria;p__Bacteroidetes;__;__;__;__,k__Bacteria;p__Bacteroidetes;c__Bacteroidia;o__Bacteroidales;__;__,k__Bacteria;p__Bacteroidetes;c__Bacteroidia;o__Bacteroidales;f__;g__,k__Bacteria;p__Bacteroidetes;c__Bacteroidia;o__Bacteroidales;f__Bacteroidaceae;__,k__Bacteria;p__Bacteroidetes;c__Bacteroidia;o__Bacteroidales;f__Bacteroidaceae;g__Bacteroides,k__Bacteria;p__Bacteroidetes;c__Bacteroidia;o__Bacteroidales;f__Porphyromonadaceae;__,k__Bacteria;p__Bacteroidetes;c__Bacteroidia;o__Bacteroidales;f__Porphyromonadaceae;g__Paludibacter,k__Bacteria;p__Bacteroidetes;c__Bacteroidia;o__Bacteroidales;f__Porphyromonadaceae;g__Parabacteroides,k__Bacteria;p__Bacteroidetes;c__Bacteroidia;o__Bacteroidales;f__Porphyromonadaceae;g__Porphyromonas,k__Bacteria;p__Bacteroidetes;c__Bacteroidia;o__Bacteroidales;f__Porphyromonadaceae;g__Tannerella,k__Bacteria;p__Bacteroidetes;c__Bacteroidia;o__Bacteroidales;f__Prevotellaceae;g__,k__Bacteria;p__Bacteroidetes;c__Bacteroidia;o__Bacteroidales;f__Prevotellaceae;g__Prevotella,k__Bacteria;p__Bacteroidetes;c__Bacteroidia;o__Bacteroidales;f__Rikenellaceae;__,k__Bacteria;p__Bacteroidetes;c__Bacteroidia;o__Bacteroidales;f__Rikenellaceae;g__,k__Bacteria;p__Bacteroidetes;c__Bacteroidia;o__Bacteroidales;f__Rikenellaceae;g__AF12,k__Bacteria;p__Bacteroidetes;c__Bacteroidia;o__Bacteroidales;f__Rikenellaceae;g__Alistipes,k__Bacteria;p__Bacteroidetes;c__Bacteroidia;o__Bacteroidales;f__S24-7;g__,k__Bacteria;p__Bacteroidetes;c__Bacteroidia;o__Bacteroidales;f__[Barnesiellaceae];__,k__Bacteria;p__Bacteroidetes;c__Bacteroidia;o__Bacteroidales;f__[Barnesiellaceae];g__,k__Bacteria;p__Bacteroidetes;c__Bacteroidia;o__Bacteroidales;f__[Odoribacteraceae];g__Butyricimonas,k__Bacteria;p__Bacteroidetes;c__Bacteroidia;o__Bacteroidales;f__[Odoribacteraceae];g__Odoribacter,k__Bacteria;p__Bacteroidetes;c__Bacteroidia;o__Bacteroidales;f__[Paraprevotellaceae];g__,k__Bacteria;p__Bacteroidetes;c__Bacteroidia;o__Bacteroidales;f__[Paraprevotellaceae];g__CF231,k__Bacteria;p__Bacteroidetes;c__Bacteroidia;o__Bacteroidales;f__[Paraprevotellaceae];g__Paraprevotella,k__Bacteria;p__Bacteroidetes;c__Bacteroidia;o__Bacteroidales;f__[Paraprevotellaceae];g__YRC22,k__Bacteria;p__Bacteroidetes;c__Bacteroidia;o__Bacteroidales;f__[Paraprevotellaceae];g__[Prevotella],k__Bacteria;p__Bacteroidetes;c__Flavobacteriia;o__Flavobacteriales;f__Flavobacteriaceae;g__Capnocytophaga,k__Bacteria;p__Bacteroidetes;c__Flavobacteriia;o__Flavobacteriales;f__[Weeksellaceae];g__,k__Bacteria;p__Bacteroidetes;c__Sphingobacteriia;o__Sphingobacteriales;f__Sphingobacteriaceae;g__Pedobacter,k__Bacteria;p__Cyanobacteria;c__4C0d-2;o__YS2;f__;g__,k__Bacteria;p__Cyanobacteria;c__Chloroplast;o__Streptophyta;f__;g__,k__Bacteria;p__Elusimicrobia;c__Elusimicrobia;o__Elusimicrobiales;f__Elusimicrobiaceae;g__,k__Bacteria;p__Firmicutes;__;__;__;__,k__Bacteria;p__Firmicutes;c__Bacilli;o__Bacillales;__;__,k__Bacteria;p__Firmicutes;c__Bacilli;o__Bacillales;f__Bacillaceae;g__Bacillus,k__Bacteria;p__Firmicutes;c__Bacilli;o__Bacillales;f__Staphylococcaceae;g__Staphylococcus,k__Bacteria;p__Firmicutes;c__Bacilli;o__Gemellales;f__Gemellaceae;__,k__Bacteria;p__Firmicutes;c__Bacilli;o__Gemellales;f__Gemellaceae;g__,k__Bacteria;p__Firmicutes;c__Bacilli;o__Lactobacillales;f__Aerococcaceae;g__Abiotrophia,k__Bacteria;p__Firmicutes;c__Bacilli;o__Lactobacillales;f__Carnobacteriaceae;__,k__Bacteria;p__Firmicutes;c__Bacilli;o__Lactobacillales;f__Enterococcaceae;g__Enterococcus,k__Bacteria;p__Firmicutes;c__Bacilli;o__Lactobacillales;f__Lactobacillaceae;__,k__Bacteria;p__Firmicutes;c__Bacilli;o__Lactobacillales;f__Lactobacillaceae;g__Lactobacillus,k__Bacteria;p__Firmicutes;c__Bacilli;o__Lactobacillales;f__Lactobacillaceae;g__Pediococcus,k__Bacteria;p__Firmicutes;c__Bacilli;o__Lactobacillales;f__Leuconostocaceae;__,k__Bacteria;p__Firmicutes;c__Bacilli;o__Lactobacillales;f__Leuconostocaceae;g__Leuconostoc,k__Bacteria;p__Firmicutes;c__Bacilli;o__Lactobacillales;f__Leuconostocaceae;g__Weissella,k__Bacteria;p__Firmicutes;c__Bacilli;o__Lactobacillales;f__Streptococcaceae;__,k__Bacteria;p__Firmicutes;c__Bacilli;o__Lactobacillales;f__Streptococcaceae;g__Lactococcus,k__Bacteria;p__Firmicutes;c__Bacilli;o__Lactobacillales;f__Streptococcaceae;g__Streptococcus,k__Bacteria;p__Firmicutes;c__Bacilli;o__Turicibacterales;f__Turicibacteraceae;g__Turicibacter,k__Bacteria;p__Firmicutes;c__Clostridia;__;__;__,k__Bacteria;p__Firmicutes;c__Clostridia;o__Clostridiales;__;__,k__Bacteria;p__Firmicutes;c__Clostridia;o__Clostridiales;f__;g__,k__Bacteria;p__Firmicutes;c__Clostridia;o__Clostridiales;f__Christensenellaceae;__,k__Bacteria;p__Firmicutes;c__Clostridia;o__Clostridiales;f__Christensenellaceae;g__,k__Bacteria;p__Firmicutes;c__Clostridia;o__Clostridiales;f__Christensenellaceae;g__Christensenella,k__Bacteria;p__Firmicutes;c__Clostridia;o__Clostridiales;f__Clostridiaceae;__,k__Bacteria;p__Firmicutes;c__Clostridia;o__Clostridiales;f__Clostridiaceae;g__,k__Bacteria;p__Firmicutes;c__Clostridia;o__Clostridiales;f__Clostridiaceae;g__Clostridium,k__Bacteria;p__Firmicutes;c__Clostridia;o__Clostridiales;f__Clostridiaceae;g__SMB53,k__Bacteria;p__Firmicutes;c__Clostridia;o__Clostridiales;f__Dehalobacteriaceae;g__Dehalobacterium,k__Bacteria;p__Firmicutes;c__Clostridia;o__Clostridiales;f__EtOH8;g__,k__Bacteria;p__Firmicutes;c__Clostridia;o__Clostridiales;f__Eubacteriaceae;g__Anaerofustis,k__Bacteria;p__Firmicutes;c__Clostridia;o__Clostridiales;f__Eubacteriaceae;g__Pseudoramibacter_Eubacterium,k__Bacteria;p__Firmicutes;c__Clostridia;o__Clostridiales;f__Lachnospiraceae;__,k__Bacteria;p__Firmicutes;c__Clostridia;o__Clostridiales;f__Lachnospiraceae;g__,k__Bacteria;p__Firmicutes;c__Clostridia;o__Clostridiales;f__Lachnospiraceae;g__Anaerostipes,k__Bacteria;p__Firmicutes;c__Clostridia;o__Clostridiales;f__Lachnospiraceae;g__Blautia,k__Bacteria;p__Firmicutes;c__Clostridia;o__Clostridiales;f__Lachnospiraceae;g__Butyrivibrio,k__Bacteria;p__Firmicutes;c__Clostridia;o__Clostridiales;f__Lachnospiraceae;g__Clostridium,k__Bacteria;p__Firmicutes;c__Clostridia;o__Clostridiales;f__Lachnospiraceae;g__Coprococcus,k__Bacteria;p__Firmicutes;c__Clostridia;o__Clostridiales;f__Lachnospiraceae;g__Dorea,k__Bacteria;p__Firmicutes;c__Clostridia;o__Clostridiales;f__Lachnospiraceae;g__Lachnoanaerobaculum,k__Bacteria;p__Firmicutes;c__Clostridia;o__Clostridiales;f__Lachnospiraceae;g__Lachnobacterium,k__Bacteria;p__Firmicutes;c__Clostridia;o__Clostridiales;f__Lachnospiraceae;g__Lachnospira,k__Bacteria;p__Firmicutes;c__Clostridia;o__Clostridiales;f__Lachnospiraceae;g__Lactonifactor,k__Bacteria;p__Firmicutes;c__Clostridia;o__Clostridiales;f__Lachnospiraceae;g__Marvinbryantia,k__Bacteria;p__Firmicutes;c__Clostridia;o__Clostridiales;f__Lachnospiraceae;g__Moryella,k__Bacteria;p__Firmicutes;c__Clostridia;o__Clostridiales;f__Lachnospiraceae;g__Oribacterium,k__Bacteria;p__Firmicutes;c__Clostridia;o__Clostridiales;f__Lachnospiraceae;g__Roseburia,k__Bacteria;p__Firmicutes;c__Clostridia;o__Clostridiales;f__Lachnospiraceae;g__Shuttleworthia,k__Bacteria;p__Firmicutes;c__Clostridia;o__Clostridiales;f__Lachnospiraceae;g__[Ruminococcus],k__Bacteria;p__Firmicutes;c__Clostridia;o__Clostridiales;f__Peptococcaceae;g__,k__Bacteria;p__Firmicutes;c__Clostridia;o__Clostridiales;f__Peptococcaceae;g__Peptococcus,k__Bacteria;p__Firmicutes;c__Clostridia;o__Clostridiales;f__Peptococcaceae;g__rc4-4,k__Bacteria;p__Firmicutes;c__Clostridia;o__Clostridiales;f__Peptostreptococcaceae;__,k__Bacteria;p__Firmicutes;c__Clostridia;o__Clostridiales;f__Peptostreptococcaceae;g__,k__Bacteria;p__Firmicutes;c__Clostridia;o__Clostridiales;f__Peptostreptococcaceae;g__Peptostreptococcus,k__Bacteria;p__Firmicutes;c__Clostridia;o__Clostridiales;f__Ruminococcaceae;__,k__Bacteria;p__Firmicutes;c__Clostridia;o__Clostridiales;f__Ruminococcaceae;g__,k__Bacteria;p__Firmicutes;c__Clostridia;o__Clostridiales;f__Ruminococcaceae;g__Anaerotruncus,k__Bacteria;p__Firmicutes;c__Clostridia;o__Clostridiales;f__Ruminococcaceae;g__Butyricicoccus,k__Bacteria;p__Firmicutes;c__Clostridia;o__Clostridiales;f__Ruminococcaceae;g__Clostridium,k__Bacteria;p__Firmicutes;c__Clostridia;o__Clostridiales;f__Ruminococcaceae;g__Faecalibacterium,k__Bacteria;p__Firmicutes;c__Clostridia;o__Clostridiales;f__Ruminococcaceae;g__Gemmiger,k__Bacteria;p__Firmicutes;c__Clostridia;o__Clostridiales;f__Ruminococcaceae;g__Oscillospira,k__Bacteria;p__Firmicutes;c__Clostridia;o__Clostridiales;f__Ruminococcaceae;g__Ruminococcus,k__Bacteria;p__Firmicutes;c__Clostridia;o__Clostridiales;f__Syntrophomonadaceae;g__Syntrophomonas,k__Bacteria;p__Firmicutes;c__Clostridia;o__Clostridiales;f__Veillonellaceae;__,k__Bacteria;p__Firmicutes;c__Clostridia;o__Clostridiales;f__Veillonellaceae;g__Acidaminococcus,k__Bacteria;p__Firmicutes;c__Clostridia;o__Clostridiales;f__Veillonellaceae;g__Anaerovibrio,k__Bacteria;p__Firmicutes;c__Clostridia;o__Clostridiales;f__Veillonellaceae;g__Dialister,k__Bacteria;p__Firmicutes;c__Clostridia;o__Clostridiales;f__Veillonellaceae;g__Megamonas,k__Bacteria;p__Firmicutes;c__Clostridia;o__Clostridiales;f__Veillonellaceae;g__Megasphaera,k__Bacteria;p__Firmicutes;c__Clostridia;o__Clostridiales;f__Veillonellaceae;g__Mitsuokella,k__Bacteria;p__Firmicutes;c__Clostridia;o__Clostridiales;f__Veillonellaceae;g__Phascolarctobacterium,k__Bacteria;p__Firmicutes;c__Clostridia;o__Clostridiales;f__Veillonellaceae;g__Schwartzia,k__Bacteria;p__Firmicutes;c__Clostridia;o__Clostridiales;f__Veillonellaceae;g__Selenomonas,k__Bacteria;p__Firmicutes;c__Clostridia;o__Clostridiales;f__Veillonellaceae;g__Succiniclasticum,k__Bacteria;p__Firmicutes;c__Clostridia;o__Clostridiales;f__Veillonellaceae;g__Veillonella,k__Bacteria;p__Firmicutes;c__Clostridia;o__Clostridiales;f__[Mogibacteriaceae];__,k__Bacteria;p__Firmicutes;c__Clostridia;o__Clostridiales;f__[Mogibacteriaceae];g__,k__Bacteria;p__Firmicutes;c__Clostridia;o__Clostridiales;f__[Mogibacteriaceae];g__Mogibacterium,k__Bacteria;p__Firmicutes;c__Clostridia;o__Clostridiales;f__[Tissierellaceae];g__1-68,k__Bacteria;p__Firmicutes;c__Clostridia;o__Clostridiales;f__[Tissierellaceae];g__Anaerococcus,k__Bacteria;p__Firmicutes;c__Clostridia;o__Clostridiales;f__[Tissierellaceae];g__Finegoldia,k__Bacteria;p__Firmicutes;c__Clostridia;o__Clostridiales;f__[Tissierellaceae];g__Parvimonas,k__Bacteria;p__Firmicutes;c__Clostridia;o__Clostridiales;f__[Tissierellaceae];g__Peptoniphilus,k__Bacteria;p__Firmicutes;c__Clostridia;o__Clostridiales;f__[Tissierellaceae];g__WAL_1855D,k__Bacteria;p__Firmicutes;c__Clostridia;o__Clostridiales;f__[Tissierellaceae];g__ph2,k__Bacteria;p__Firmicutes;c__Erysipelotrichi;o__Erysipelotrichales;f__Erysipelotrichaceae;__,k__Bacteria;p__Firmicutes;c__Erysipelotrichi;o__Erysipelotrichales;f__Erysipelotrichaceae;g__,k__Bacteria;p__Firmicutes;c__Erysipelotrichi;o__Erysipelotrichales;f__Erysipelotrichaceae;g__Allobaculum,k__Bacteria;p__Firmicutes;c__Erysipelotrichi;o__Erysipelotrichales;f__Erysipelotrichaceae;g__Anaerorhabdus,k__Bacteria;p__Firmicutes;c__Erysipelotrichi;o__Erysipelotrichales;f__Erysipelotrichaceae;g__Bulleidia,k__Bacteria;p__Firmicutes;c__Erysipelotrichi;o__Erysipelotrichales;f__Erysipelotrichaceae;g__Catenibacterium,k__Bacteria;p__Firmicutes;c__Erysipelotrichi;o__Erysipelotrichales;f__Erysipelotrichaceae;g__Clostridium,k__Bacteria;p__Firmicutes;c__Erysipelotrichi;o__Erysipelotrichales;f__Erysipelotrichaceae;g__Coprobacillus,k__Bacteria;p__Firmicutes;c__Erysipelotrichi;o__Erysipelotrichales;f__Erysipelotrichaceae;g__Holdemania,k__Bacteria;p__Firmicutes;c__Erysipelotrichi;o__Erysipelotrichales;f__Erysipelotrichaceae;g__RFN20,k__Bacteria;p__Firmicutes;c__Erysipelotrichi;o__Erysipelotrichales;f__Erysipelotrichaceae;g__[Eubacterium],k__Bacteria;p__Firmicutes;c__Erysipelotrichi;o__Erysipelotrichales;f__Erysipelotrichaceae;g__cc_115,k__Bacteria;p__Firmicutes;c__Erysipelotrichi;o__Erysipelotrichales;f__Erysipelotrichaceae;g__p-75-a5,k__Bacteria;p__Fusobacteria;c__Fusobacteriia;o__Fusobacteriales;f__Fusobacteriaceae;__,k__Bacteria;p__Fusobacteria;c__Fusobacteriia;o__Fusobacteriales;f__Fusobacteriaceae;g__,k__Bacteria;p__Fusobacteria;c__Fusobacteriia;o__Fusobacteriales;f__Fusobacteriaceae;g__Fusobacterium,k__Bacteria;p__Fusobacteria;c__Fusobacteriia;o__Fusobacteriales;f__Leptotrichiaceae;g__Leptotrichia,k__Bacteria;p__Fusobacteria;c__Fusobacteriia;o__Fusobacteriales;f__Leptotrichiaceae;g__Sneathia,k__Bacteria;p__Lentisphaerae;c__[Lentisphaeria];o__Victivallales;f__Victivallaceae;g__,k__Bacteria;p__Lentisphaerae;c__[Lentisphaeria];o__Victivallales;f__Victivallaceae;g__Victivallis,k__Bacteria;p__OD1;__;__;__;__,k__Bacteria;p__OD1;c__;o__;f__;g__,k__Bacteria;p__Proteobacteria;__;__;__;__,k__Bacteria;p__Proteobacteria;c__Alphaproteobacteria;__;__;__,k__Bacteria;p__Proteobacteria;c__Alphaproteobacteria;o__Caulobacterales;f__Caulobacteraceae;g__Brevundimonas,k__Bacteria;p__Proteobacteria;c__Alphaproteobacteria;o__RF32;f__;g__,k__Bacteria;p__Proteobacteria;c__Alphaproteobacteria;o__Rhizobiales;f__Brucellaceae;g__Ochrobactrum,k__Bacteria;p__Proteobacteria;c__Alphaproteobacteria;o__Rhizobiales;f__Phyllobacteriaceae;__,k__Bacteria;p__Proteobacteria;c__Alphaproteobacteria;o__Rhizobiales;f__Rhizobiaceae;g__Agrobacterium,k__Bacteria;p__Proteobacteria;c__Alphaproteobacteria;o__Rhizobiales;f__Rhizobiaceae;g__Shinella,k__Bacteria;p__Proteobacteria;c__Alphaproteobacteria;o__Rhodobacterales;f__Rhodobacteraceae;g__Paracoccus,k__Bacteria;p__Proteobacteria;c__Alphaproteobacteria;o__Rickettsiales;__;__,k__Bacteria;p__Proteobacteria;c__Alphaproteobacteria;o__Rickettsiales;f__mitochondria;g__,k__Bacteria;p__Proteobacteria;c__Alphaproteobacteria;o__Rickettsiales;f__mitochondria;g__Raphanus,k__Bacteria;p__Proteobacteria;c__Alphaproteobacteria;o__Sphingomonadales;f__Sphingomonadaceae;g__Sphingomonas,k__Bacteria;p__Proteobacteria;c__Betaproteobacteria;__;__;__,k__Bacteria;p__Proteobacteria;c__Betaproteobacteria;o__Burkholderiales;__;__,k__Bacteria;p__Proteobacteria;c__Betaproteobacteria;o__Burkholderiales;f__Alcaligenaceae;g__Achromobacter,k__Bacteria;p__Proteobacteria;c__Betaproteobacteria;o__Burkholderiales;f__Alcaligenaceae;g__Sutterella,k__Bacteria;p__Proteobacteria;c__Betaproteobacteria;o__Burkholderiales;f__Comamonadaceae;__,k__Bacteria;p__Proteobacteria;c__Betaproteobacteria;o__Burkholderiales;f__Oxalobacteraceae;__,k__Bacteria;p__Proteobacteria;c__Betaproteobacteria;o__Burkholderiales;f__Oxalobacteraceae;g__Oxalobacter,k__Bacteria;p__Proteobacteria;c__Betaproteobacteria;o__Burkholderiales;f__Oxalobacteraceae;g__Ralstonia,k__Bacteria;p__Proteobacteria;c__Betaproteobacteria;o__Neisseriales;f__Neisseriaceae;g__Kingella,k__Bacteria;p__Proteobacteria;c__Betaproteobacteria;o__Neisseriales;f__Neisseriaceae;g__Neisseria,k__Bacteria;p__Proteobacteria;c__Deltaproteobacteria;o__Desulfovibrionales;f__Desulfovibrionaceae;__,k__Bacteria;p__Proteobacteria;c__Deltaproteobacteria;o__Desulfovibrionales;f__Desulfovibrionaceae;g__,k__Bacteria;p__Proteobacteria;c__Deltaproteobacteria;o__Desulfovibrionales;f__Desulfovibrionaceae;g__Bilophila,k__Bacteria;p__Proteobacteria;c__Deltaproteobacteria;o__Desulfovibrionales;f__Desulfovibrionaceae;g__Desulfovibrio,k__Bacteria;p__Proteobacteria;c__Epsilonproteobacteria;o__Campylobacterales;f__Campylobacteraceae;g__Campylobacter,k__Bacteria;p__Proteobacteria;c__Epsilonproteobacteria;o__Campylobacterales;f__Helicobacteraceae;g__Helicobacter,k__Bacteria;p__Proteobacteria;c__Gammaproteobacteria;o__Aeromonadales;f__Succinivibrionaceae;g__Succinivibrio,k__Bacteria;p__Proteobacteria;c__Gammaproteobacteria;o__Cardiobacteriales;f__Cardiobacteriaceae;g__Cardiobacterium,k__Bacteria;p__Proteobacteria;c__Gammaproteobacteria;o__Enterobacteriales;f__Enterobacteriaceae;__,k__Bacteria;p__Proteobacteria;c__Gammaproteobacteria;o__Enterobacteriales;f__Enterobacteriaceae;g__Providencia,k__Bacteria;p__Proteobacteria;c__Gammaproteobacteria;o__Pasteurellales;f__Pasteurellaceae;__,k__Bacteria;p__Proteobacteria;c__Gammaproteobacteria;o__Pasteurellales;f__Pasteurellaceae;g__Aggregatibacter,k__Bacteria;p__Proteobacteria;c__Gammaproteobacteria;o__Pasteurellales;f__Pasteurellaceae;g__Haemophilus,k__Bacteria;p__Proteobacteria;c__Gammaproteobacteria;o__Pseudomonadales;f__Moraxellaceae;g__Acinetobacter,k__Bacteria;p__Proteobacteria;c__Gammaproteobacteria;o__Pseudomonadales;f__Pseudomonadaceae;__,k__Bacteria;p__Proteobacteria;c__Gammaproteobacteria;o__Pseudomonadales;f__Pseudomonadaceae;g__Pseudomonas,k__Bacteria;p__Proteobacteria;c__Gammaproteobacteria;o__Xanthomonadales;f__Xanthomonadaceae;g__Ignatzschineria,k__Bacteria;p__Proteobacteria;c__Gammaproteobacteria;o__Xanthomonadales;f__Xanthomonadaceae;g__Pseudoxanthomonas,k__Bacteria;p__Spirochaetes;c__Spirochaetes;__;__;__,k__Bacteria;p__Spirochaetes;c__Spirochaetes;o__Spirochaetales;f__Spirochaetaceae;g__Treponema,k__Bacteria;p__Spirochaetes;c__[Brachyspirae];o__[Brachyspirales];f__Brachyspiraceae;g__Brachyspira,k__Bacteria;p__Synergistetes;c__Synergistia;o__Synergistales;f__Dethiosulfovibrionaceae;g__Pyramidobacter,k__Bacteria;p__Synergistetes;c__Synergistia;o__Synergistales;f__Dethiosulfovibrionaceae;g__TG5,k__Bacteria;p__Synergistetes;c__Synergistia;o__Synergistales;f__Synergistaceae;g__,k__Bacteria;p__Synergistetes;c__Synergistia;o__Synergistales;f__Synergistaceae;g__Cloacibacillus,k__Bacteria;p__Synergistetes;c__Synergistia;o__Synergistales;f__Synergistaceae;g__Synergistes,k__Bacteria;p__TM7;c__TM7-3;o__;f__;g__,k__Bacteria;p__TM7;c__TM7-3;o__CW040;f__;g__,k__Bacteria;p__TM7;c__TM7-3;o__CW040;f__F16;g__,k__Bacteria;p__TM7;c__TM7-3;o__I025;f__Rs-045;g__,k__Bacteria;p__Tenericutes;c__Mollicutes;o__Anaeroplasmatales;f__Anaeroplasmataceae;g__Anaeroplasma,k__Bacteria;p__Tenericutes;c__Mollicutes;o__Mycoplasmatales;f__Mycoplasmataceae;g__Mycoplasma,k__Bacteria;p__Tenericutes;c__Mollicutes;o__RF39;f__;g__,k__Bacteria;p__Tenericutes;c__RF3;o__ML615J-28;f__;g__,k__Bacteria;p__Verrucomicrobia;c__Opitutae;o__[Cerasicoccales];f__[Cerasicoccaceae];g__,k__Bacteria;p__Verrucomicrobia;c__Verruco-5;o__WCHB1-41;f__RFP12;g__,k__Bacteria;p__Verrucomicrobia;c__Verrucomicrobiae;o__Verrucomicrobiales;f__Verrucomicrobiaceae;g__Akkermansia
S113/8451,0,0,0,0,80,169,0,0,0,0,0,0,0,0,0,0,0,0,97,0,0,48,0,0,15,0,957,1116,0,374,0,0,241,0,0,0,49190,0,24,0,0,874,0,0,38,185,215,218,0,156,6833,0,0,0,517,0,601,0,0,0,0,9,0,0,0,0,0,0,0,0,0,0,0,4,21,0,0,1188,714,0,277,0,0,0,315,0,10,0,0,0,2314,24,0,313,272,0,1514,216,0,374,1440,0,0,0,893,684,0,170,11,0,0,0,0,0,2519,3322,0,12,0,1623,215,3540,1080,0,342,0,4373,1436,0,241,70,1406,0,0,0,18,0,78,27,0,0,0,0,0,0,0,0,0,0,0,101,89,0,0,0,390,70,0,8,87,0,0,0,0,91,16,0,61,0,0,0,1384,0,0,0,0,0,0,17,0,0,432,544,0,268,0,0,52,0,0,0,424,57,10,340,3581,0,13921,2,24,0,0,0,37,0,0,0,0,0,0,0,5,0,0,0,0,4,0,0,0,0,0,0,354,5,0,1726,16
S114/8452,0,296,8,0,0,129,0,17,0,0,11,21,0,0,8,0,0,0,102,222,15,593,0,0,14,0,0,0,0,21182,0,0,1226,0,0,0,64274,486,3496,0,1005,0,399,104,633,9,0,0,0,0,3,0,0,0,0,0,0,0,0,0,0,33,0,0,18,0,0,0,0,0,0,0,0,0,588,356,17,843,31,0,37,15,0,0,15,73,0,0,4,3,2825,0,69,910,0,61,4180,908,0,37,920,0,0,0,0,1745,0,616,0,0,0,121,0,0,3822,2609,22,0,0,820,661,4426,1669,0,0,1852,0,4249,0,5,2892,0,0,0,0,142,0,562,0,0,0,0,0,0,0,0,0,78,0,0,0,0,26,14,3,0,76,9,0,305,0,0,13,0,255,0,6,41,0,0,0,11,0,0,0,0,0,0,0,0,0,0,0,0,2705,0,0,0,0,0,81,0,0,2461,0,29,0,0,0,1418,0,0,0,1411,0,0,0,0,0,0,0,0,0,0,0,0,0,21,7,0,0,0,0,0,206,0,0,108
S116/8209,2,2,0,0,0,146,0,0,0,0,6,12,0,0,13,0,0,0,10,36,0,4265,92,0,0,7,0,0,0,15005,0,0,595,0,0,0,57,0,29046,0,3653,7,0,0,10,611,0,0,0,0,0,0,0,0,3,0,0,0,0,0,0,17,0,0,0,0,0,0,0,0,0,0,0,4,51,0,413,2098,47,7,2824,120,0,0,19,0,51,0,10,679,2016,0,0,4333,0,458,714,20,0,236,29,0,0,0,0,0,0,2433,0,0,0,5,0,0,1786,2674,0,0,8,236,0,9095,3920,0,0,14,0,0,0,313,10,3,0,2,0,90,0,1128,0,0,3,0,0,0,0,0,34,103,0,0,0,0,79,268,0,0,2284,1201,0,0,0,29,5,0,0,1234,22,11,0,0,0,6,0,0,0,0,0,0,0,0,0,0,0,0,1589,0,0,0,0,0,43,43,0,11,1727,0,0,0,0,7,0,0,0,35,0,0,0,0,0,0,0,0,0,0,0,0,0,0,0,0,0,0,0,3,403,0,0,76
S117/8026,0,0,0,0,0,28,0,0,0,0,0,0,0,0,204,0,0,0,21,0,2,279,0,0,64,0,0,0,0,32763,0,0,6548,0,0,0,15535,374,417,0,356,800,0,0,768,429,0,0,0,0,5236,4,0,0,0,0,0,0,0,0,0,7,0,0,0,0,0,49,0,0,0,0,0,0,573,24,5,281,9,0,48,0,0,4,0,0,0,0,0,0,2103,0,167,815,0,352,18,177,0,0,3663,0,0,0,0,4329,0,136,29,0,0,21,0,0,1311,4195,0,0,6,3582,1045,1631,1467,0,0,5967,0,1814,0,2538,0,3162,0,0,0,96,10,0,0,0,0,0,0,0,0,6,0,29,0,0,0,214,0,0,77,0,141,0,0,1738,0,15,6,0,0,0,3,31,0,0,0,5,0,0,0,0,0,0,0,0,0,0,0,0,2897,0,0,0,0,0,23,0,0,401,0,6,0,6,0,80,0,0,0,72,0,0,0,0,0,0,0,0,5,0,0,0,0,0,0,0,3,0,0,0,0,0,0,28
S119/8130,0,0,0,0,0,24,0,0,0,0,0,2,0,0,0,0,0,0,0,0,0,37,0,0,6,0,0,0,0,1078,0,0,114,0,0,0,21890,52,90,0,14,0,0,0,9,33,0,0,0,0,0,0,0,0,0,0,0,0,0,0,0,0,0,0,0,0,0,0,0,0,0,0,0,0,11,0,0,243,209,0,5,0,0,0,0,0,0,0,0,0,3622,52,0,334,0,0,2906,164,0,208,301,0,0,0,101,567,0,29,0,0,0,0,0,0,1895,701,0,0,0,2234,305,981,176,0,0,17,0,2493,0,0,0,0,0,0,0,0,0,40,15,0,0,0,0,0,0,0,0,4,0,0,0,88,0,0,5,0,7,0,0,0,0,0,0,0,0,0,0,3,0,0,0,0,0,0,0,0,0,0,0,0,0,0,0,0,418,0,0,24,0,0,3,0,7,105,0,0,0,0,0,0,0,0,0,4,0,0,0,0,0,0,0,0,0,0,0,0,0,0,0,0,0,0,0,0,0,0,0,0
S121/8264,6,0,0,0,0,97,2,0,0,0,0,2,0,0,44,0,0,0,12,34,0,839,8,0,0,0,0,0,0,16327,0,0,2262,0,0,0,8195,41,0,0,335,0,0,429,0,0,0,0,0,0,3674,0,0,0,0,0,0,0,0,0,0,0,0,0,6,0,0,6,0,0,0,0,0,0,113,0,0,1270,0,0,12,0,0,0,0,0,32,0,0,0,4782,0,47,755,0,132,965,1154,0,90,803,0,0,0,0,3012,0,1831,0,0,0,0,0,4,2735,1406,18,96,0,0,3307,2569,1085,0,0,68,0,301,0,191,0,7381,0,0,0,9,0,293,163,0,0,0,0,0,0,0,0,4,0,0,0,0,11,17,47,0,13,39,0,0,0,0,0,0,0,0,0,25,0,0,0,0,0,0,0,0,0,0,0,0,0,0,0,0,4386,0,0,0,0,0,0,0,0,678,953,0,39,0,0,0,0,0,0,0,0,0,0,0,0,0,0,139,0,0,0,0,0,10,0,0,0,0,0,0,0,0,0,2
S126/8135,0,369,0,0,0,26,0,0,0,0,0,0,0,0,1210,0,0,0,16,35,0,2137,0,0,96,102,3,0,0,3479,0,0,751,0,0,0,14132,285,514,0,452,0,0,265,102,418,148,0,0,0,957,0,0,0,0,0,0,0,0,0,0,5,0,0,0,0,0,87,0,535,28,2,0,306,1955,0,27,1247,7970,0,846,5,0,0,0,41,45,0,0,0,2428,62,15,3171,0,0,2459,577,0,3851,700,0,0,0,0,1673,0,284,0,0,0,13,0,0,4495,2435,0,0,0,3911,1020,2663,560,0,0,0,0,45,0,587,0,5294,0,0,0,168,0,173,0,0,0,0,0,0,0,0,0,0,0,0,0,212,0,0,0,30,812,0,0,0,0,0,0,0,89,184,0,27,0,0,0,0,0,0,0,0,0,0,0,0,0,0,0,0,2026,0,0,40,0,0,0,26,79,411,1715,4,30,0,0,14,0,10,0,96,0,0,0,0,0,0,0,0,0,2,0,0,41,2,0,0,0,0,0,2850,0,48,0,5
S132/8297,0,0,0,0,0,86,0,25,0,0,0,10,0,0,25,0,0,26,95,0,4,327,0,0,12,0,0,0,0,2849,0,0,1642,2,0,0,39564,1149,361,0,264,8,577,0,222,143,462,0,0,0,7053,0,0,0,0,0,0,0,0,0,0,0,0,0,0,70,0,127,0,0,0,0,0,0,2564,4,0,2115,1403,0,1781,0,0,0,44,0,5,0,0,0,4743,58,90,570,0,15,2839,729,0,67,1403,0,0,0,0,3035,0,150,0,0,0,41,0,0,7259,1746,0,0,0,5116,973,3361,763,4,0,235,0,5956,0,367,846,0,0,0,0,274,0,108,0,0,0,0,0,0,0,0,0,7,4,0,7,101,0,0,0,0,192,0,0,0,0,10,0,0,0,79,9,55,0,0,0,0,0,0,0,0,0,0,0,0,0,0,0,0,2342,58,0,24,0,0,19,0,51,38,0,6,0,0,0,655,0,0,0,631,0,0,0,0,0,0,0,0,0,0,0,0,0,9,0,0,0,0,0,1334,0,0,0,23
S133/8222,0,0,0,0,0,22,0,0,0,0,0,5,0,0,287,0,0,0,0,0,0,239,8,0,0,0,0,0,0,57844,0,0,0,0,0,0,45,851,0,0,1157,0,0,0,900,1555,0,0,0,0,0,0,0,0,2,0,0,0,0,0,0,0,0,0,0,0,0,34,0,0,0,0,0,0,93,0,0,329,4,0,7,4,0,0,9,0,0,0,0,0,2507,44,163,266,0,190,251,50,0,26,1324,0,0,0,0,2308,0,666,13,0,0,49,0,0,1521,0,0,0,0,2155,250,3292,148,0,0,1645,0,139,0,7886,0,0,0,3,0,2038,0,12,0,0,0,0,0,0,0,0,0,49,0,0,0,0,9,0,8,0,7,0,0,0,0,149,4,2,0,0,57,74,0,0,0,0,0,0,0,0,0,0,0,0,0,0,0,0,9756,0,0,47,0,0,0,0,105,2284,98,2,0,0,0,39,0,0,0,199,0,0,0,0,0,0,0,0,0,0,0,0,0,23,0,0,0,0,0,0,0,0,0,17
S134/8546,0,0,0,0,0,15,0,77,0,0,11,12,6,6,962,0,0,0,1239,2565,9,0,0,0,0,0,0,0,0,3123,0,0,34,2,0,0,208,0,6,0,128,6,0,9,0,10,0,0,0,0,19,6,0,0,21,0,0,0,0,0,0,28,0,0,66,1527,0,34,0,0,84,0,0,0,778,0,0,174,55,0,11,0,0,0,0,0,0,0,50,0,1873,0,0,2731,0,38,6846,835,0,16,29,0,0,0,0,334,0,5411,0,0,0,2179,0,0,124,41,0,0,0,81,0,788,273,0,0,2173,0,0,0,1906,7,16,0,5,0,3643,0,9,0,0,0,0,0,0,0,0,0,4,0,0,21,0,686,93,0,0,8926,0,0,4,0,23,0,0,6,0,0,3,0,0,0,16,0,0,0,0,0,0,5,0,5,0,0,0,6234,0,0,0,0,0,73,0,0,12,0,0,0,0,0,23695,0,0,19,106,0,0,0,4,0,0,0,0,0,0,0,0,0,33,0,0,0,0,0,2,5,0,0,119
S135/8381,0,0,0,0,0,23,0,0,0,0,0,0,0,0,0,0,0,0,22,0,0,309,0,0,0,27,4,0,0,13840,0,0,3085,0,0,0,29819,156,19,0,786,0,0,5,599,602,0,0,1090,0,0,0,0,0,0,0,0,0,0,0,0,0,0,0,0,0,0,0,0,0,0,0,0,0,17,0,3,1236,0,0,33,13,0,0,0,0,0,0,0,0,4372,75,0,789,0,96,625,88,0,499,233,0,0,0,0,2361,0,803,0,0,0,0,0,0,1907,843,0,0,0,3172,568,2324,852,0,0,259,0,0,0,0,0,12735,0,0,0,34,0,165,26,0,0,0,0,0,0,0,0,1130,0,0,0,0,0,0,31,0,23,0,0,0,0,0,0,0,0,0,6,22,0,0,0,0,0,0,0,0,0,0,0,0,0,0,0,0,3217,0,0,0,0,0,0,0,0,0,1567,0,0,0,0,19,0,0,0,13,0,0,0,0,0,0,0,0,0,0,0,0,0,0,0,0,0,0,0,0,0,0,0,17
S136/8391,0,0,0,0,0,74,0,0,0,5,0,0,0,0,1441,0,0,0,0,22,0,268,23,0,0,0,0,0,0,45559,0,0,3361,8,0,0,3052,0,0,0,3454,11,0,257,0,951,0,0,889,0,0,0,0,0,0,0,0,0,0,0,0,0,0,0,0,0,0,0,0,0,0,0,0,0,30,8,0,1074,0,0,112,7,0,0,0,0,0,0,0,0,8508,0,154,2321,0,623,3044,660,0,0,4476,0,0,0,0,4421,0,1058,18,0,0,0,8,0,4809,0,0,0,0,10788,1115,2241,5640,0,0,0,0,1901,0,3786,0,0,0,0,0,21,0,32,0,0,0,0,0,0,9,5,0,448,5,0,2,0,9,48,46,0,93,0,0,0,0,0,0,0,0,0,2,102,0,0,0,0,0,0,0,0,0,0,0,0,0,0,0,0,3618,0,0,0,0,0,16,0,0,940,0,0,0,0,0,1038,0,0,0,30,0,0,0,0,0,0,0,0,11,0,0,0,0,0,0,0,0,0,0,0,0,0,0,10
S137/8574,3,30,0,0,0,136,0,61,0,10,141,156,0,0,105,0,0,0,0,0,90,103,0,0,13,4,0,188,0,15190,0,0,1231,25,0,0,6185,111,216,0,4029,17,0,311,593,282,13,0,458,0,2001,139,0,0,409,8,0,0,0,0,0,443,0,0,177,0,0,0,0,0,0,0,7,0,2598,0,34,727,741,0,104,0,0,0,260,0,0,0,0,0,3073,32,0,1065,0,415,737,371,21,114,1088,0,0,8,0,2555,0,268,30,0,0,76,0,8,1046,757,38,0,0,4835,207,1021,1450,0,30,133,0,77,0,86,0,609,0,116,0,2592,0,68,0,0,0,0,20,0,0,0,0,173,9,0,17,55,6,0,18,5,17,0,0,22,0,611,450,0,0,0,0,26,0,0,0,146,0,14,0,0,0,0,0,0,0,0,0,0,487,5,0,0,6,31,1022,0,13,255,18,57,0,0,0,253,0,0,231,1240,0,0,0,0,0,0,5,0,0,0,0,31,0,111,0,23,0,0,0,85,28,0,0,1804
S138/8047,0,4,0,0,0,75,7,0,0,0,0,0,0,0,0,0,0,0,47,0,0,266,0,0,55,0,2,0,0,6490,0,0,1284,0,0,0,21455,164,387,0,861,0,0,0,219,322,0,0,120,0,0,0,0,0,126,0,0,0,0,0,0,4,0,0,0,0,0,0,0,0,0,0,0,0,183,25,0,776,234,0,38,0,0,0,0,0,4,0,0,0,1057,0,0,300,0,27,326,46,0,58,193,0,0,0,0,543,0,23,0,0,0,0,0,0,1911,144,0,0,0,526,261,1271,111,0,0,3703,0,144,0,4503,0,3688,0,0,0,0,0,50,0,0,0,0,0,0,0,0,0,0,0,0,0,99,0,0,0,0,564,0,0,0,0,0,0,0,0,0,5,38,0,0,0,0,0,0,0,0,0,0,0,0,0,0,0,0,1205,0,0,113,0,0,0,0,0,73,0,0,0,0,0,0,0,0,0,0,0,0,0,0,0,0,0,0,0,0,0,0,0,0,0,0,0,0,0,0,0,0,0,2236
S139/8583,0,78,5,0,103,4254,0,0,3,0,0,0,0,0,189,0,0,43,279,16,0,183,0,0,26,0,55,2684,0,390,0,0,180,0,0,188,5544,0,53,0,14,41,0,0,179,62,541,240,0,0,786,0,0,0,2,0,497,0,0,0,0,0,0,0,0,15,0,0,0,0,0,0,0,0,0,0,22,6199,8213,0,4273,3,7,0,25,0,13,0,0,0,5371,25,0,1082,2204,0,775,67,0,220,929,0,0,0,271,301,0,43,0,28,0,0,0,0,6524,8131,0,0,0,1613,243,6411,716,0,0,972,380,1445,0,1073,625,0,0,0,0,0,0,137,19,0,0,0,0,0,0,0,0,0,5,0,120,485,0,0,0,2858,194,0,16,0,0,0,0,0,1987,48,38,20,0,2267,0,684,0,0,0,0,0,2,0,0,0,0,655,0,0,0,0,21,0,0,7,51,119,12,1056,9078,0,616,0,25,0,0,0,8,0,0,0,0,0,51,0,0,0,0,168,0,0,0,0,0,0,0,0,1089,417,1207,2389,23
S140/8013,0,340,0,30,0,76,7,0,0,0,0,0,0,0,465,0,7,94,262,88,0,6329,0,10,256,0,28,0,0,35136,0,0,5478,0,0,0,15378,33,258,0,4128,12,3706,0,2567,1049,0,0,0,0,10,0,0,0,0,0,0,0,0,0,0,0,0,0,5,0,0,59,0,0,0,0,0,25,545,1065,46,1471,641,0,4435,19,0,0,61,0,38,16,3,0,2355,0,70,807,0,123,1234,1011,0,0,297,0,0,0,1327,637,0,1003,0,275,0,15,0,0,4485,2561,15,0,12,949,836,2251,1031,0,0,8676,0,1567,0,972,1467,6,0,0,0,26,0,374,140,0,0,0,0,0,0,0,0,50,0,7,23,424,0,3,20,0,2382,0,0,0,0,0,7,0,138,0,0,96,0,0,0,0,0,0,0,0,0,0,2,0,0,0,150,0,325,0,0,22,0,0,6,0,393,185,6038,0,0,0,0,6823,0,0,0,11,0,0,0,0,0,0,0,0,9897,0,0,0,0,0,0,0,0,0,0,0,0,0,0,3623
S141/8080,0,335,0,0,0,55,0,0,0,0,4,3,0,0,1045,0,0,13,56,76,0,4325,107,7,0,0,3,0,0,40586,0,0,8515,0,0,0,671,2232,1059,0,9055,0,0,0,2112,1768,0,0,0,0,0,0,0,0,0,0,0,0,0,0,0,3,0,0,0,0,0,25,0,0,0,0,0,0,0,0,141,3649,16,0,3211,17,0,0,75,0,17,0,0,9,1701,0,24,1644,0,3376,509,405,0,10,96,0,0,0,0,22,0,2066,0,0,0,0,0,0,3318,3700,309,11,0,4442,215,5052,5203,0,0,0,0,0,0,4,0,4409,0,0,0,15,0,552,152,0,0,0,0,0,0,0,0,107,0,0,20,0,30,0,7,0,1782,0,0,0,0,0,0,0,0,519,0,13,0,0,0,0,0,0,0,0,0,0,13,0,0,0,0,0,1054,0,0,68,0,0,0,0,0,806,258,3,0,0,0,564,0,0,0,12,0,0,3,0,0,0,0,0,66,0,0,0,0,0,0,0,0,0,0,0,0,0,0,347
S142/8621,0,11,0,0,0,104,19,26,0,0,0,0,0,0,5540,0,0,101,24,0,9,1228,0,0,61,9,0,0,0,30651,0,0,10007,27,0,0,285,0,16913,0,7159,13,0,0,0,0,0,0,0,0,0,0,0,0,0,0,0,0,0,0,19,10,0,0,23,0,0,677,0,0,0,0,0,11,843,67,6,1083,0,0,156,46,0,0,153,99,26,0,0,8,3489,0,0,1188,0,20,646,960,0,0,369,0,0,36,0,1854,0,707,18,0,0,140,0,0,3932,2981,29,0,0,9192,2170,3882,4375,0,0,13006,0,1049,12,2421,297,796,0,0,9,21,0,321,0,0,0,0,0,9,76,0,0,5,0,8,0,523,39,18,49,0,426,16,0,0,0,0,0,13,0,0,10,55,0,0,0,0,0,0,0,0,0,0,0,0,0,0,0,0,2523,0,0,209,0,0,10,0,0,1576,392,27,0,0,0,458,0,0,0,250,0,0,0,0,0,0,0,0,0,0,0,0,0,19,7,0,0,0,0,0,0,0,0,16
S143/8071,0,179,0,0,0,56,0,0,0,0,0,0,0,0,71,0,0,0,54,160,0,607,15,0,0,0,0,2931,0,10450,20,0,1170,2,0,0,14780,205,238,0,1881,5551,0,0,504,430,123,0,407,0,4669,0,0,0,10,0,0,0,0,0,0,0,0,0,0,0,0,0,0,0,0,0,0,6,13,0,0,1656,1528,0,62,13,0,0,14,0,22,0,0,0,5953,242,0,1121,0,23,2380,678,0,25,2459,0,0,0,0,1520,0,779,0,0,56,0,0,0,7054,2178,27,127,47,1945,2481,8757,3252,0,0,0,0,791,0,0,107,10562,0,0,0,19,0,427,294,0,0,0,0,0,0,0,3,68,0,0,93,1531,0,0,7,0,399,0,0,0,0,0,0,0,0,27,0,13,0,0,0,0,0,0,0,0,0,0,0,0,0,0,0,0,2451,0,0,0,0,0,0,0,115,0,15,6,0,0,0,11,0,0,0,7,0,0,0,0,0,0,0,0,0,0,0,0,0,15,0,0,0,0,0,95,0,0,0,16
S144/8417,0,0,0,0,0,35,10,13,0,0,3,5,0,0,72,41,0,0,0,0,0,212,0,0,0,0,0,55,0,59774,0,0,219,30,0,0,153,158,68,0,6628,3,0,0,0,1006,0,0,7,0,0,0,0,0,9,0,0,0,0,0,0,16,0,0,0,0,0,0,0,0,0,0,0,0,132,40,7,248,44,0,41,3,0,0,56,0,0,0,0,0,4831,0,143,279,0,134,181,94,0,0,500,0,0,0,0,1336,6,981,0,0,0,7,0,0,1917,1718,116,0,0,915,286,2924,1046,0,0,6651,0,141,0,1006,0,4377,0,0,0,118,0,6,0,4,0,3,0,59,22,0,0,83,0,0,0,0,15,4,33,0,70,0,0,0,0,75,5,353,0,0,16,68,0,0,0,7,0,0,0,0,0,0,0,0,0,0,0,0,3518,0,0,0,0,0,29,0,0,2139,0,7,0,0,0,1254,0,0,0,41,0,0,0,0,0,0,0,0,0,0,0,0,0,15,0,0,14,0,10,0,0,0,0,83
S145/8371,0,120,0,0,0,69,0,8,0,0,0,0,0,0,9,0,0,373,99,0,0,765,0,0,308,0,0,0,0,6243,0,0,1180,0,0,0,14734,487,606,0,2692,163,0,0,3198,967,349,0,821,0,0,0,0,0,0,0,0,0,0,0,0,11,0,0,0,76,0,110,2478,0,0,0,0,0,95,212,29,1163,79,0,155,68,0,0,91,0,0,0,0,0,4667,0,22,3978,0,0,152,732,0,0,2291,0,0,0,0,5644,0,534,0,217,0,164,0,0,1427,645,0,0,0,31853,1180,436,2884,0,0,99,0,435,0,0,0,3470,0,0,0,66,0,86,59,0,0,0,0,0,0,0,0,139,0,0,0,303,8,10,0,0,1410,0,0,0,0,29,0,0,0,0,9,86,0,0,0,0,0,0,0,0,0,0,0,0,0,0,0,0,1354,0,0,93,0,0,8,0,30,54,518,0,0,0,0,221,0,0,0,349,0,7,0,0,0,0,0,0,8,0,0,0,16,9,0,0,0,0,0,160,0,0,0,25
S146/8430,0,147,0,0,0,35,0,0,0,0,0,0,0,0,32,0,0,0,67,134,0,96,0,0,12,0,2,0,0,12004,0,0,816,0,0,0,16894,781,198,0,879,633,50,0,837,270,200,0,0,0,0,0,0,0,0,0,0,0,0,0,0,0,0,0,0,0,0,294,0,0,0,0,0,0,312,12,13,1836,81,0,78,7,0,0,53,0,26,0,0,0,3185,0,72,1085,0,38,1445,109,0,850,88,0,0,0,0,748,0,856,0,93,0,18,0,0,5888,412,0,0,11,4424,117,7220,2939,0,0,137,0,3280,0,0,0,0,0,0,0,149,0,217,32,0,0,0,0,0,0,0,0,0,0,0,0,0,121,145,0,829,123,33,0,0,0,0,0,0,0,602,0,43,0,0,0,0,0,0,0,0,0,0,0,0,0,0,0,0,1211,0,0,113,0,0,0,0,0,60,360,0,0,0,0,66,0,0,0,0,0,0,0,0,0,0,0,0,0,0,0,0,0,0,0,0,0,0,0,155,0,0,0,0
S148/8242,0,0,0,0,0,39,0,12,0,0,0,0,0,0,85,0,0,0,7,0,0,97,0,0,0,0,0,0,0,70385,0,0,3197,0,0,0,12,0,21,0,0,14,0,0,0,0,0,0,0,0,0,0,0,0,0,0,0,0,0,0,0,0,6,0,0,0,0,0,0,0,0,0,0,0,309,0,0,1301,5,0,0,0,0,0,0,0,0,0,0,0,4294,207,0,467,0,484,985,242,0,0,0,0,0,0,0,539,0,1230,0,0,0,0,0,0,1079,6,0,0,0,4002,0,1935,383,0,0,4758,0,104,0,1099,0,7111,0,0,0,151,0,5,0,0,0,0,0,0,0,0,0,18,5,0,0,0,69,0,36,0,4,0,0,17869,1188,0,0,0,0,0,9,79,0,0,0,0,0,0,0,0,0,0,17,0,0,0,0,0,8262,0,0,0,0,0,0,0,0,1464,0,0,0,0,0,0,0,0,0,12,0,0,0,0,0,0,0,0,0,0,0,0,0,19,0,0,0,0,0,0,0,0,0,13
